// Jest Snapshot v1, https://goo.gl/fbAQLP

exports[`renders correctly 1`] = `
<View
  style={
    {
      "alignItems": "center",
      "flex": 1,
      "justifyContent": "center",
    }
  }
>
  <View
    style={
      {
        "alignItems": "center",
        "backgroundColor": "purple",
        "flex": 1,
        "justifyContent": "center",
      }
    }
  >
    <Text
      style={
        {
          "color": "orange",
          "fontSize": 24,
          "fontWeight": "bold",
          "marginBottom": 20,
        }
      }
    >
      Rock, Paper, Scissors
    </Text>
    <Text
      style={
        {
          "color": "black",
          "fontSize": 18,
          "fontWeight": "bold",
          "marginBottom": 20,
        }
      }
    >
      Score: Player 
      0
       - 
      0
       Computer
    </Text>
    <View
      style={
        {
          "flexDirection": "row",
          "marginBottom": 20,
        }
      }
    >
      <View
        accessibilityState={
          {
            "busy": undefined,
            "checked": undefined,
            "disabled": undefined,
            "expanded": undefined,
            "selected": undefined,
          }
        }
        accessibilityValue={
          {
            "max": undefined,
            "min": undefined,
            "now": undefined,
            "text": undefined,
          }
        }
        accessible={true}
        collapsable={false}
        focusable={true}
        onClick={[Function]}
        onResponderGrant={[Function]}
        onResponderMove={[Function]}
        onResponderRelease={[Function]}
        onResponderTerminate={[Function]}
        onResponderTerminationRequest={[Function]}
        onStartShouldSetResponder={[Function]}
        style={
          {
            "alignItems": "center",
            "backgroundColor": "pink",
            "borderRadius": 10,
            "justifyContent": "center",
            "marginHorizontal": 10,
            "opacity": 1,
            "padding": 20,
          }
        }
      >
        <Text
          allowFontScaling={false}
          selectable={false}
          style={
            [
              {
                "color": "black",
                "fontSize": 50,
              },
              undefined,
              {
                "fontFamily": "FontAwesome",
                "fontStyle": "normal",
                "fontWeight": "normal",
              },
              {},
            ]
          }
        >
          
        </Text>
      </View>
      <View
        accessibilityState={
          {
            "busy": undefined,
            "checked": undefined,
            "disabled": undefined,
            "expanded": undefined,
            "selected": undefined,
          }
        }
        accessibilityValue={
          {
            "max": undefined,
            "min": undefined,
            "now": undefined,
            "text": undefined,
          }
        }
        accessible={true}
        collapsable={false}
        focusable={true}
        onClick={[Function]}
        onResponderGrant={[Function]}
        onResponderMove={[Function]}
        onResponderRelease={[Function]}
        onResponderTerminate={[Function]}
        onResponderTerminationRequest={[Function]}
        onStartShouldSetResponder={[Function]}
        style={
          {
            "alignItems": "center",
            "backgroundColor": "pink",
            "borderRadius": 10,
            "justifyContent": "center",
            "marginHorizontal": 10,
            "opacity": 1,
            "padding": 20,
          }
        }
      >
        <Text
          allowFontScaling={false}
          selectable={false}
          style={
            [
              {
                "color": "black",
                "fontSize": 50,
              },
              undefined,
              {
                "fontFamily": "FontAwesome",
                "fontStyle": "normal",
                "fontWeight": "normal",
              },
              {},
            ]
          }
        >
          
        </Text>
      </View>
      <View
        accessibilityState={
          {
            "busy": undefined,
            "checked": undefined,
            "disabled": undefined,
            "expanded": undefined,
            "selected": undefined,
          }
        }
        accessibilityValue={
          {
            "max": undefined,
            "min": undefined,
            "now": undefined,
            "text": undefined,
          }
        }
        accessible={true}
        collapsable={false}
        focusable={true}
        onClick={[Function]}
        onResponderGrant={[Function]}
        onResponderMove={[Function]}
        onResponderRelease={[Function]}
        onResponderTerminate={[Function]}
        onResponderTerminationRequest={[Function]}
        onStartShouldSetResponder={[Function]}
        style={
          {
            "alignItems": "center",
            "backgroundColor": "pink",
            "borderRadius": 10,
            "justifyContent": "center",
            "marginHorizontal": 10,
            "opacity": 1,
            "padding": 20,
          }
        }
      >
        <Text
          allowFontScaling={false}
          selectable={false}
          style={
            [
              {
                "color": "black",
                "fontSize": 50,
              },
              undefined,
              {
                "fontFamily": "FontAwesome",
                "fontStyle": "normal",
                "fontWeight": "normal",
              },
              {},
            ]
          }
        >
          
        </Text>
      </View>
    </View>
    <Text
      style={
        {
          "color": "orange",
          "fontSize": 24,
          "fontWeight": "bold",
          "marginBottom": 20,
        }
      }
    />
    <View
      accessibilityState={
        {
          "busy": undefined,
          "checked": undefined,
          "disabled": undefined,
          "expanded": undefined,
          "selected": undefined,
        }
      }
      accessibilityValue={
        {
          "max": undefined,
          "min": undefined,
          "now": undefined,
          "text": undefined,
        }
      }
      accessible={true}
      collapsable={false}
      focusable={true}
      onClick={[Function]}
      onResponderGrant={[Function]}
      onResponderMove={[Function]}
      onResponderRelease={[Function]}
      onResponderTerminate={[Function]}
      onResponderTerminationRequest={[Function]}
      onStartShouldSetResponder={[Function]}
      style={
        {
          "backgroundColor": "black",
          "borderRadius": 5,
          "opacity": 1,
          "padding": 10,
        }
      }
    >
      <Text
        style={
          {
            "color": "white",
            "fontWeight": "bold",
          }
        }
      >
        Reset Game
      </Text>
    </View>
  </View>
</View>
`;
